openapi: 3.0.0
info:
  title: (title)
  version: 0.0.0
tags: []
paths: {}
components:
  schemas:
    TypeSpecDecorators:
      type: object
      required:
        - items
        - name
        - age
        - count
      properties:
        items:
          type: array
          items:
            type: string
          minItems: 1
          maxItems: 5
        name:
          type: string
          minLength: 1
          maxLength: 5
        age:
          type: integer
          format: int16
          minimum: 1
          maximum: 5
        count:
          type: integer
          format: int16
          minimum: 1
          exclusiveMinimum: true
          maximum: 5
          exclusiveMaximum: true
