openapi: 3.0.0
info:
  title: (title)
  version: 0.0.0
tags: []
paths: {}
components:
  schemas:
    OtherCoreTypes:
      type: object
      required:
        - bytesProperty
        - stringProperty
        - booleanProperty
        - nullProperty
        - ArrayProperty
        - unknownProperty
      properties:
        bytesProperty:
          type: string
          format: byte
        stringProperty:
          type: string
          default: default value
        booleanProperty:
          type: boolean
          default: true
        nullProperty:
          nullable: true
        ArrayProperty:
          type: array
          items:
            type: number
          default:
            - 0
            - 1
            - 2
        unknownProperty: {}
