openapi: 3.0.0
info:
  title: (title)
  version: 0.0.0
tags: []
paths: {}
components:
  schemas:
    Example:
      type: object
      required:
        - id
        - name
      properties:
        id:
          type: string
          format: uuid
        name:
          type: string
        age:
          type: integer
          format: int16
